Class {signature = ClassSignature {classAccessModifier = PublicClass, className = "Car"}, methods = [MethodSignature {methodAccessModifier = Public, methodReturnType = "Constructor", methodName = "Car", methodParameters = [("String","make"),("String","model"),("int","year"),("double","mileage")]},MethodSignature {methodAccessModifier = Public, methodReturnType = "void", methodName = "startEngine", methodParameters = []},MethodSignature {methodAccessModifier = Public, methodReturnType = "void", methodName = "stopEngine", methodParameters = []},MethodSignature {methodAccessModifier = Public, methodReturnType = "void", methodName = "drive", methodParameters = [("double","distance")]},MethodSignature {methodAccessModifier = Public, methodReturnType = "double", methodName = "getMileage", methodParameters = []},MethodSignature {methodAccessModifier = Public, methodReturnType = "String", methodName = "getMake", methodParameters = []},MethodSignature {methodAccessModifier = Public, methodReturnType = "String", methodName = "getModel", methodParameters = []},MethodSignature {methodAccessModifier = Public, methodReturnType = "int", methodName = "getYear", methodParameters = []},MethodSignature {methodAccessModifier = Public, methodReturnType = "void", methodName = "displayCarInfo", methodParameters = []},MethodSignature {methodAccessModifier = Public, methodReturnType = "void", methodName = "main", methodParameters = [("String[]","args")]}], attributes = [AttributeSignature {attributeAccessModifier = Private, atrributeType = "String", attributeName = "make"},AttributeSignature {attributeAccessModifier = Private, atrributeType = "String", attributeName = "model"},AttributeSignature {attributeAccessModifier = Private, atrributeType = "int", attributeName = "year"},AttributeSignature {attributeAccessModifier = Private, atrributeType = "double", attributeName = "mileage"},AttributeSignature {attributeAccessModifier = Private, atrributeType = "boolean", attributeName = "isEngineOn"}]}